Microchip MPLAB XC8 Compiler V2.00 ()

Linker command line:

-W-3 --edf=C:\Program Files (x86)\Microchip\xc8\v2.00\pic\dat\en_msgs.txt \
  -cs -h+dist/default/production\Timer0.X.production.sym \
  --cmf=dist/default/production\Timer0.X.production.cmf -z -Q16F676 \
  -oC:\Users\DHARMA~1\AppData\Local\Temp\s3i0.2 --defsym=__MPLAB_BUILD=1 \
  -Mdist/default/production/Timer0.X.production.map -E1 -ver=XC8 \
  --acfsm=1493 -ASTACK=023h-05dh -pstack=STACK -ACODE=00h-03FEh \
  -ASTRCODE=00h-03FEh -ASTRING=00h-0FFhx3,0300h-03FEh \
  -ACONST=00h-0FFhx3,0300h-03FEh -AENTRY=00h-0FFhx3,0300h-03FEh \
  -ABANK0=020h-05Dh -ARAM=020h-05Dh -AABS1=020h-05Fh -ACOMMON=05Eh-05Fh \
  -ASFR0=00h-01Fh -ASFR1=080h-0DDh \
  -preset_vec=00h,intentry=04h,init,end_init -ppowerup=CODE -pcinit=CODE \
  -pfunctab=ENTRY -ACONFIG=02007h-02007h -pconfig=CONFIG -DCONFIG=2 \
  -AIDLOC=02000h-02003h -pidloc=IDLOC -DIDLOC=2 -AEEDATA=00h-07Fh/02100h \
  -peeprom_data=EEDATA -DEEDATA=2 -posccal=03FFh -DCODE=2 -DSTRCODE=2 \
  -DSTRING=2 -DCONST=2 -DENTRY=2 -k \
  C:\Users\DHARMA~1\AppData\Local\Temp\s3i0.o \
  dist/default/production\Timer0.X.production.o 

Object code version is 3.11

Machine type is 16F676



                Name                               Link     Load   Length Selector   Space Scale
C:\Users\DHARMA~1\AppData\Local\Temp\s3i0.o
                end_init                              B        B        1        8       0
                reset_vec                             0        0        1        0       0
                config                             2007     2007        1     400E       0
dist/default/production\Timer0.X.production.o
                cinit                                 C        C        4        8       0
                intentry                              4        4        7        8       0
                text3                                10       10       17        8       0
                text2                                35       35        7        8       0
                text1                                27       27        E        8       0
                maintext                             3C       3C        4        8       0
                cstackBANK0                          20       20        2       20       1
                dataBANK0                            22       22        1       20       1
                idataBANK0                           40       40        1        8       0

TOTAL           Name                               Link     Load   Length     Space
        CLASS   STACK          

        CLASS   CODE           
                end_init                              B        B        1         0
                cinit                                 C        C        4         0
                intentry                              4        4        7         0
                reset_vec                             0        0        1         0
                text3                                10       10       17         0
                text2                                35       35        7         0
                text1                                27       27        E         0
                maintext                             3C       3C        4         0
                idataBANK0                           40       40        1         0

        CLASS   STRCODE        

        CLASS   STRING         

        CLASS   CONST          

        CLASS   ENTRY          

        CLASS   BANK0          
                cstackBANK0                          20       20        2         1
                dataBANK0                            22       22        1         1

        CLASS   RAM            

        CLASS   ABS1           
                abs_s1                               5E       5E        2         1

        CLASS   COMMON         

        CLASS   SFR0           

        CLASS   SFR1           

        CLASS   CONFIG         
                config                             2007     2007        1         0

        CLASS   IDLOC          

        CLASS   EEDATA         

        CLASS   BANK1          



SEGMENTS        Name                           Load    Length   Top    Selector   Space  Class     Delta

                reset_vec                      000000  000001  000001         0       0  CODE        2
                intentry                       000004  00003D  000041         8       0  CODE        2
                cstackBANK0                    000020  000003  000023        20       1  BANK0       1
                config                         002007  000001  002008      400E       0  CONFIG      2


UNUSED ADDRESS RANGES

        Name                Unused          Largest block    Delta
        BANK0            0023-005D             3B           1
        CODE             0001-0003              3           2
                         0041-03FE            3BE
        CONST            0001-0003              3           2
                         0041-03FE            100
        EEDATA           2100-217F             80           2
        ENTRY            0001-0003              3           2
                         0041-03FE            100
        IDLOC            2000-2003              4           2
        RAM              0023-005D             3B           1
        SFR0             0000-001F             20           1
        SFR1             0080-00DD             5E           1
        STACK            0023-005D             3B           1
        STRCODE          0001-0003              3           2
                         0041-03FE            3BE
        STRING           0001-0003              3           2
                         0041-03FE            100

                                  Symbol Table

_GIE                     (abs)        005F
_IOinit                  text2        0035
_ISR                     text3        0010
_PEIE                    (abs)        005E
_PORTA                   (abs)        0005
_PORTC                   (abs)        0007
_PS0                     (abs)        0408
_PS1                     (abs)        0409
_PS2                     (abs)        040A
_PSA                     (abs)        040B
_RA0                     (abs)        0028
_T0CS                    (abs)        040D
_T0IE                    (abs)        005D
_T0IF                    (abs)        005A
_T0SE                    (abs)        040C
_TMR0                    (abs)        0001
_TRISA                   (abs)        0085
_TRISC                   (abs)        0087
__CFG_BOREN$ON           (abs)        0000
__CFG_CP$OFF             (abs)        0000
__CFG_CPD$OFF            (abs)        0000
__CFG_FOSC$INTRCIO       (abs)        0000
__CFG_MCLRE$OFF          (abs)        0000
__CFG_PWRTE$ON           (abs)        0000
__CFG_WDTE$OFF           (abs)        0000
__Habs1                  abs1         07FE
__Hbank0                 bank0        07FE
__Hbank1                 bank1        07FE
__Hcinit                 cinit        0010
__Hclrtext               clrtext      07FE
__Hcode                  code         07FE
__Hcommon                common       07FE
__Hconfig                config       2008
__HcstackBANK0           cstackBANK0  07FE
__HcstackCOMMON          cstackCOMMON 07FE
__HdataBANK0             dataBANK0    07FE
__Heeprom_data           eeprom_data  0000
__Hend_init              end_init     000C
__Hfunctab               functab      0000
__HidataBANK0            idataBANK0   07FE
__Hidloc                 idloc        0000
__Hinit                  init         000B
__Hintentry              intentry     000B
__Hmaintext              maintext     07FE
__Hosccal                osccal       03FF
__Hpowerup               powerup      0000
__Hram                   ram          07FE
__Hreset_vec             reset_vec    0001
__Hsfr0                  sfr0         07FE
__Hsfr1                  sfr1         07FE
__Hspace_0               (abs)        2008
__Hspace_1               (abs)        07FE
__Hspace_2               (abs)        0000
__Hspace_3               (abs)        0000
__Hstack                 stack        0000
__Hstrings               strings      07FE
__Htext                  text         07FE
__Labs1                  abs1         07FE
__Lbank0                 bank0        07FE
__Lbank1                 bank1        07FE
__Lcinit                 cinit        000C
__Lclrtext               clrtext      07FE
__Lcode                  code         07FE
__Lcommon                common       07FE
__Lconfig                config       2007
__LcstackBANK0           cstackBANK0  07FE
__LcstackCOMMON          cstackCOMMON 07FE
__LdataBANK0             dataBANK0    07FE
__Leeprom_data           eeprom_data  0000
__Lend_init              end_init     000B
__Lfunctab               functab      0000
__LidataBANK0            idataBANK0   07FE
__Lidloc                 idloc        0000
__Linit                  init         000B
__Lintentry              intentry     0004
__Lmaintext              maintext     07FE
__Losccal                osccal       03FF
__Lpowerup               powerup      0000
__Lram                   ram          07FE
__Lreset_vec             reset_vec    0000
__Lsfr0                  sfr0         07FE
__Lsfr1                  sfr1         07FE
__Lspace_0               (abs)        0000
__Lspace_1               (abs)        0000
__Lspace_2               (abs)        0000
__Lspace_3               (abs)        0000
__Lstack                 stack        0000
__Lstrings               strings      07FE
__Ltext                  text         07FE
__S0                     (abs)        2008
__S1                     (abs)        0023
__S2                     (abs)        0000
__S3                     (abs)        0000
___int_sp                stack        0000
___latbits               (abs)        0000
___osccal_val            osccal       03FF
___sp                    stack        0000
__end_of_IOinit          text2        003C
__end_of_ISR             text3        0027
__end_of__initialization cinit        000E
__end_of_main            maintext     0040
__end_of_timer0Init      text1        0035
__initialization         cinit        000C
__pcstackBANK0           cstackBANK0  0020
__pcstackCOMMON          cstackCOMMON 0000
__pdataBANK0             dataBANK0    0022
__pidataBANK0            idataBANK0   0040
__pintentry              intentry     0004
__pmaintext              maintext     003C
__ptext1                 text1        0027
__ptext2                 text2        0035
__ptext3                 text3        0010
__size_of_IOinit         (abs)        0000
__size_of_ISR            (abs)        0000
__size_of_main           (abs)        0000
__size_of_timer0Init     (abs)        0000
_i                       dataBANK0    0022
_main                    maintext     003C
_timer0Init              text1        0027
btemp                    (abs)        005E
end_of_initialization    cinit        000E
interrupt_function       intentry     0004
intlevel0                functab      0000
intlevel1                functab      0000
intlevel2                functab      0000
intlevel3                functab      0000
intlevel4                functab      0000
intlevel5                functab      0000
reset_vec                reset_vec    0000
saved_w                  (abs)        005E
stackhi                  (abs)        0000
stacklo                  (abs)        0000
start                    init         000B
start_initialization     cinit        000C
wtemp0                   (abs)        005E


FUNCTION INFORMATION:

 *************** function _main *****************
 Defined at:
		line 37 in file "timer0.c"
 Parameters:    Size  Location     Type
		None
 Auto vars:     Size  Location     Type
		None
 Return value:  Size  Location     Type
                  1    wreg      void 
 Registers used:
		status,2, status,0, pclath, cstack
 Tracked objects:
		On entry : 
		On exit  : 
		Unchanged: 
 Data sizes:     COMMON   BANK0
      Params:         0       0
      Locals:         0       0
      Temps:          0       0
      Totals:         0       0
Total ram usage:        0 bytes
 Hardware stack levels required when called:    2
 This function calls:
		_IOinit
		_timer0Init
 This function is called by:
		Startup code after reset
 This function uses a non-reentrant model


 *************** function _timer0Init *****************
 Defined at:
		line 23 in file "timer0.c"
 Parameters:    Size  Location     Type
		None
 Auto vars:     Size  Location     Type
		None
 Return value:  Size  Location     Type
                  1    wreg      void 
 Registers used:
		status,2
 Tracked objects:
		On entry : 
		On exit  : 
		Unchanged: 
 Data sizes:     COMMON   BANK0
      Params:         0       0
      Locals:         0       0
      Temps:          0       0
      Totals:         0       0
Total ram usage:        0 bytes
 Hardware stack levels used:    1
 Hardware stack levels required when called:    1
 This function calls:
		Nothing
 This function is called by:
		_main
 This function uses a non-reentrant model


 *************** function _IOinit *****************
 Defined at:
		line 16 in file "timer0.c"
 Parameters:    Size  Location     Type
		None
 Auto vars:     Size  Location     Type
		None
 Return value:  Size  Location     Type
                  1    wreg      void 
 Registers used:
		status,2
 Tracked objects:
		On entry : 
		On exit  : 
		Unchanged: 
 Data sizes:     COMMON   BANK0
      Params:         0       0
      Locals:         0       0
      Temps:          0       0
      Totals:         0       0
Total ram usage:        0 bytes
 Hardware stack levels used:    1
 Hardware stack levels required when called:    1
 This function calls:
		Nothing
 This function is called by:
		_main
 This function uses a non-reentrant model


 *************** function _ISR *****************
 Defined at:
		line 44 in file "timer0.c"
 Parameters:    Size  Location     Type
		None
 Auto vars:     Size  Location     Type
		None
 Return value:  Size  Location     Type
                  1    wreg      void 
 Registers used:
		status,2
 Tracked objects:
		On entry : 
		On exit  : 
		Unchanged: 
 Data sizes:     COMMON   BANK0
      Params:         0       0
      Locals:         0       0
      Temps:          0       2
      Totals:         0       2
Total ram usage:        2 bytes
 Hardware stack levels used:    1
 This function calls:
		Nothing
 This function is called by:
		Interrupt level 1
 This function uses a non-reentrant model



MODULE INFORMATION

Module		Function		Class		Link	Load	Size
timer0.c
		_ISR           		CODE           	0010	0000	24
		_main          		CODE           	003C	0000	5
		_timer0Init    		CODE           	0027	0000	15
		_IOinit        		CODE           	0035	0000	8

timer0.c estimated size: 52

shared
		__initialization		CODE           	000C	0000	3

shared estimated size: 3

